// Jest Snapshot v1, https://goo.gl/fbAQLP

exports[`IolBulkCommits #commit should call bulk fill and delete with the proper arguments 1`] = `
Array [
  Array [
    "uuid1",
    "CLR34",
    "LOC1",
    "nameCode1",
    "123 White House Lane 888-112-1234",
    "item1",
    "I describe an item1",
    "lot1223",
    1,
    "purchased for dimplewig as item1",
    2021-10-10T05:00:00.000Z,
    2024-10-10T05:00:00.000Z,
    2021-10-07T05:00:00.000Z,
  ],
  Array [
    "uuid2",
    "CLR34",
    "LOC1",
    "nameCode2",
    "123 Black House Lane 888-112-1234",
    "item2",
    "I describe an item2",
    "lot1225",
    1,
    "purchased for dimplewig as item1",
    2021-12-10T06:00:00.000Z,
    2024-01-10T06:00:00.000Z,
    2021-12-07T06:00:00.000Z,
  ],
  Array [
    "uuid5",
    "CLR34",
    "LOC1",
    "nameCode5",
    "123 Vatican Alley 888-112-1234",
    "item5",
    "I describe an item5",
    "lot1445",
    1,
    "purchased for the congregation",
    2021-01-10T06:00:00.000Z,
    2024-02-10T06:00:00.000Z,
    2021-01-07T06:00:00.000Z,
  ],
  Array [
    "uuid6",
    "CLR34",
    "LOC1",
    "nameCode6",
    "123 SoCal Alley 888-112-1234",
    "item7",
    "I describe an item7",
    "lot1645",
    1,
    "purchased for the public",
    2021-02-10T06:00:00.000Z,
    2024-03-10T06:00:00.000Z,
    2021-02-07T06:00:00.000Z,
  ],
]
`;
